C51 COMPILER V9.53.0.0   MAIN                                                              09/23/2024 17:12:01 PAGE 1   


C51 COMPILER V9.53.0.0, COMPILATION OF MODULE MAIN
OBJECT MODULE PLACED IN .\Code\Obj\main.obj
COMPILER INVOKED BY: D:\USR\Keil_v5\C51\BIN\C51.EXE Code\Source\main.c OPTIMIZE(8,SPEED) BROWSE INCDIR(.\Lib_nuvoton;.\C
                    -ommon;.\Code\Head;.\Code\Source;.\Code\Obj;.\LST;.\Output) DEFINE(FOSC_160000) DEBUG OBJECTEXTEND PRINT(.\LST\main.lst) 
                    -TABS(2) OBJECT(.\Code\Obj\main.obj)

line level    source

   1          //********************************************************
   2          //  PKB NCFU 
   3          //  Date   : 2024.06.20
   4          //********************************************************
   5          //********************************************************
   6          //  Cенсор . Узел Телеметрической системы
   7          //********************************************************
   8          
   9          #include <GPIO.h>
  10          #include <CONFIG.h>
  11          #include <N76E003.h>
  12          #include <Interface_com.H>
  13          
  14          void main(){
  15   1        /****************/  
  16   1        Set_All_GPIO_Quasi_Mode;
  17   1      //  P11_PushPull_Mode;
  18   1      //  P15_PushPull_Mode;
  19   1      //  P10_PushPull_Mode;
  20   1        P00_PushPull_Mode;
  21   1      //  P01_PushPull_Mode;
  22   1      //  P04_PushPull_Mode;
  23   1        PIN_LED_GREEN = 1;
  24   1        PIN_LED_RED = 1;
  25   1        PIN_RF_ON = 1 ;
  26   1        /****************/
  27   1        InCom_SPI_init_Timer();
  28   1        InCom_SPI_CLK_init(0);
  29   1        /****************/
  30   1        valueBufferArrayTx[0] = 0xFA;
  31   1        FlagInComSPIGlobal = 1;          // Включить сразу же spi
  32   1        /****************/
  33   1        while(1){
  34   2          
  35   2          if(FlagInComSPIGlobal){
  36   3            InCom_SPI_exchange();
  37   3            FlagInComSPIGlobal = 0 ;
  38   3          }
  39   2          
  40   2          PIN_LED_GREEN =~PIN_LED_GREEN;
  41   2          
  42   2          if (valueBufferArrayRx[0] == 0x38){
  43   3            PIN_LED_RED = ~PIN_LED_RED;
  44   3          }
  45   2          
  46   2        }
  47   1      }
  48          //********************************************************
  49          // ISR
  50          //********************************************************
  51          void ISR_Timer0() interrupt 1 {  // <Interface_com.H>
  52   1        //if(FlagInComSPIGlobal){ InCom_SPI_exchange();}
  53   1        if (FlagInComSPIGlobal == 0){FlagInComSPIGlobal = 1;}
C51 COMPILER V9.53.0.0   MAIN                                                              09/23/2024 17:12:01 PAGE 2   

  54   1        
  55   1      }


MODULE INFORMATION:   STATIC OVERLAYABLE
   CODE SIZE        =     63    ----
   CONSTANT SIZE    =   ----    ----
   XDATA SIZE       =   ----    ----
   PDATA SIZE       =   ----    ----
   DATA SIZE        =   ----    ----
   IDATA SIZE       =   ----    ----
   BIT SIZE         =   ----    ----
END OF MODULE INFORMATION.


C51 COMPILATION COMPLETE.  0 WARNING(S),  0 ERROR(S)
