C51 COMPILER V9.53.0.0   NRF24L01                                                          09/25/2024 13:50:12 PAGE 1   


C51 COMPILER V9.53.0.0, COMPILATION OF MODULE NRF24L01
OBJECT MODULE PLACED IN .\Code\Obj\NRF24L01.obj
COMPILER INVOKED BY: D:\USR\Keil_v5\C51\BIN\C51.EXE Code\Source\NRF24L01.c OPTIMIZE(8,SPEED) BROWSE INCDIR(.\Lib_nuvoton
                    -;.\Common;.\Code\Head;.\Code\Source;.\Code\Obj;.\LST;.\Output) DEFINE(FOSC_160000) DEBUG OBJECTEXTEND PRINT(.\LST\NRF24L
                    -01.lst) TABS(2) OBJECT(.\Code\Obj\NRF24L01.obj)

line level    source

   1          //********************************************************************************************************
             -***
   2          //  NRF24L01 
   3          //********************************************************************************************************
             -***
   4          #include <GPIO.h>
   5          #include <N76E003.h>
   6          
   7          int currentProgress = 0;
   8          


MODULE INFORMATION:   STATIC OVERLAYABLE
   CODE SIZE        =   ----    ----
   CONSTANT SIZE    =   ----    ----
   XDATA SIZE       =   ----    ----
   PDATA SIZE       =   ----    ----
   DATA SIZE        =      2    ----
   IDATA SIZE       =   ----    ----
   BIT SIZE         =   ----    ----
END OF MODULE INFORMATION.


C51 COMPILATION COMPLETE.  0 WARNING(S),  0 ERROR(S)
